// Jest Snapshot v1, https://goo.gl/fbAQLP

exports[`<Nav/> renders and matches snapshot 1`] = `
<ul
  className="NavStyles-p91201-0 fQlFYq"
>
  <Link
    href="/products"
  >
    <a
      href="/products"
      onClick={[Function]}
      onMouseEnter={[Function]}
    >
      Products
    </a>
  </Link>
  <Link
    href="/signin"
  >
    <a
      href="/signin"
      onClick={[Function]}
      onMouseEnter={[Function]}
    >
      Sign In
    </a>
  </Link>
  <Link
    href="/signup"
  >
    <a
      href="/signup"
      onClick={[Function]}
      onMouseEnter={[Function]}
    >
      Sign Up
    </a>
  </Link>
</ul>
`;

exports[`<Nav/> renders proper links when signed in 1`] = `
<ul
  className="NavStyles-p91201-0 fQlFYq"
>
  <Link
    href="/products"
  >
    <a
      href="/products"
      onClick={[Function]}
      onMouseEnter={[Function]}
    >
      Products
    </a>
  </Link>
  <Link
    href="/sell"
  >
    <a
      href="/sell"
      onClick={[Function]}
      onMouseEnter={[Function]}
    >
      Sell
    </a>
  </Link>
  <Link
    href="/orders"
  >
    <a
      href="/orders"
      onClick={[Function]}
      onMouseEnter={[Function]}
    >
      Orders
    </a>
  </Link>
  <Signout>
    <button
      onClick={[Function]}
      type="button"
    >
      Sign Out
    </button>
  </Signout>
  <button
    onClick={[Function]}
    type="button"
  >
    My Cart
    <CartCount>
      <CartCount__AnimationStyles>
        <span
          className="CartCount__AnimationStyles-sc-4gige2-1 iAhUuX"
        >
          <TransitionGroup
            childFactory={[Function]}
            component="div"
          >
            <div>
              <CSSTransition
                className="count"
                classNames="count"
                in={true}
                key=".0"
                onExited={[Function]}
                timeout={
                  Object {
                    "enter": 400,
                    "exit": 400,
                  }
                }
                unmountOnExit={true}
              >
                <Transition
                  appear={false}
                  className="count"
                  enter={true}
                  exit={true}
                  in={true}
                  mountOnEnter={false}
                  onEnter={[Function]}
                  onEntered={[Function]}
                  onEntering={[Function]}
                  onExit={[Function]}
                  onExited={[Function]}
                  onExiting={[Function]}
                  timeout={
                    Object {
                      "enter": 400,
                      "exit": 400,
                    }
                  }
                  unmountOnExit={true}
                >
                  <CartCount__Badge
                    className="count"
                  >
                    <div
                      className="CartCount__Badge-sc-4gige2-0 bgHxdW count"
                    />
                  </CartCount__Badge>
                </Transition>
              </CSSTransition>
            </div>
          </TransitionGroup>
        </span>
      </CartCount__AnimationStyles>
    </CartCount>
  </button>
</ul>
`;
